exports[`injectConfig should render 1`] = `
<div>
   a component for testing 
</div>
`;
